
 Start  Stop   Length Name               Class

 00000H 000E4H 000E5H _TEXT              CODE
 000E6H 00670H 0058BH _DATA              DATA
 00680H 0077FH 00100H STACK              STACK

Detailed map of segments

0000:0000 00E5 C=CODE S=_TEXT G=(none) M=T2.ASM ACBP=48
000E:0006 058B C=DATA S=_DATA G=DGROUP M=T2.ASM ACBP=48
0068:0000 0100 C=STACK S=STACK G=DGROUP M=T2.ASM ACBP=74

  Address         Publics by Name


  Address         Publics by Value


Line numbers for t2.obj(T2.ASM) segment _TEXT

    15 0000:0000    16 0000:0003    18 0000:0005    19 0000:0007
    20 0000:0009    22 0000:000B    23 0000:000E    24 0000:0011
    25 0000:0014    26 0000:0017    29 0000:001A    30 0000:001C
    31 0000:001E    33 0000:0020    34 0000:0022    35 0000:0024
    36 0000:0026    37 0000:0028    44 0000:002A    45 0000:002C
    46 0000:002E    47 0000:0031    48 0000:0033    49 0000:0036
    50 0000:0038    51 0000:003B    52 0000:003D    53 0000:0040
    54 0000:0042    55 0000:0045    56 0000:0047    59 0000:004A
    61 0000:004C    63 0000:004E    65 0000:0050    68 0000:0052
    75 0000:0053    76 0000:0055    77 0000:0057    78 0000:005A
    80 0000:005C    81 0000:005E    82 0000:0061    85 0000:0062
    86 0000:0065    87 0000:0067    88 0000:0069    92 0000:006A
    93 0000:006C    94 0000:0070    95 0000:0073    96 0000:0076
    97 0000:0078   102 0000:0079   103 0000:007B   104 0000:007E
   105 0000:0081   106 0000:0083   113 0000:0084   114 0000:0087
   115 0000:008A   116 0000:008D   119 0000:008F   122 0000:0090
   127 0000:0091   128 0000:0094   129 0000:0096   132 0000:0098
   133 0000:0099   134 0000:009C   135 0000:009E   136 0000:00A0
   137 0000:00A1   138 0000:00A3   139 0000:00A5   140 0000:00A7
   141 0000:00A8   145 0000:00AB   146 0000:00AD   155 0000:00AE
   156 0000:00B1   157 0000:00B3   159 0000:00B6   163 0000:00B7
   164 0000:00B9   165 0000:00BB   166 0000:00BD   167 0000:00BF
   168 0000:00C1   169 0000:00C3   170 0000:00C5   171 0000:00C6
   172 0000:00C9   173 0000:00CB   174 0000:00CC   178 0000:00CE
   179 0000:00D0   180 0000:00D3   181 0000:00D6   185 0000:00D8
   189 0000:00D9   190 0000:00DC   191 0000:00DF   201 0000:00E1
   202 0000:00E2   203 0000:00E4
Program entry point at 0000:0000

